<html>
<body>
<pre>
<h1>礦ision Build Log</h1>
<h2>Tool Versions:</h2>
IDE-Version: μVision V5.20.0.0
Copyright (C) 2016 ARM Ltd and ARM Germany GmbH. All rights reserved.
License Information: fasdf fadsf, dfasd, LIC=ZB4EV-PJ0M8-SBSEJ-UEYUY-KIDFM-T3596
 
Tool Versions:
Toolchain:       MDK-ARM Plus  Version: 5.20
Toolchain Path:  d:\Keil_v5\ARM\ARMCC\Bin
C Compiler:      Armcc.exe V5.06 update 2 (build 183)
Assembler:       Armasm.exe V5.06 update 2 (build 183)
Linker/Locator:  ArmLink.exe V5.06 update 2 (build 183)
Library Manager: ArmAr.exe V5.06 update 2 (build 183)
Hex Converter:   FromElf.exe V5.06 update 2 (build 183)
CPU DLL:         SARMCM3.DLL V5.20
Dialog DLL:      DCM.DLL V1.13.7.0
Target DLL:      CMSIS_AGDI.dll V1.25.20.0
Dialog DLL:      TCM.DLL V1.14.9.0
 
<h2>Project:</h2>
F:\Git\Personal\Lidar\标准库+UCOS\Project\RVMDK（uv5）\BH-F103.uvprojx
Project File Date:  04/13/2020

<h2>Output:</h2>
*** Using Compiler 'V5.06 update 2 (build 183)', folder: 'd:\Keil_v5\ARM\ARMCC\Bin'
Build target 'Led'
assembling startup_stm32f10x_hd.s...
linking...
Program Size: Code=46030 RO-data=1270 RW-data=288 ZI-data=36136  
FromELF: creating hex file...
"..\..\Output\流水灯.axf" - 0 Error(s), 0 Warning(s).

<h2>Collection of Component include folders:</h2>
  F:\Git\Personal\Lidar\标准库+UCOS\Project\RVMDK（uv5）\RTE
  d:\Keil_v5\ARM\PACK\Keil\STM32F1xx_DFP\1.1.0\Device\Include

<h2>Collection of Component Files used:</h2>
Build Time Elapsed:  00:00:02
</pre>
</body>
</html>
